// Jest Snapshot v1, https://goo.gl/fbAQLP

exports[`ContentWrapper should match snapshot 1`] = `
<div>
  <div
    class="css-pjtwp2"
  >
    Hello World
  </div>
</div>
`;
